<?xml version="1.0"?>
<testsuite failures="0" skipped="0" name="cucumber-js" time="17.961877974000004" tests="4">
  <testcase classname="User Authentication" name="Successful login with valid credentials" time="5.2213597410000006">
    <system-out><![CDATA[Given the user is on the login page.......................................passed
When the user enters the username "student"...............................passed
And the user enters the password "Password123"............................passed
And the user clicks on the login button...................................passed
Then the user should see a success message................................passed]]></system-out>
  </testcase>
  <testcase classname="User Authentication" name="Unsuccessful login with missing username" time="4.221914847000001">
    <system-out><![CDATA[Given the user is on the login page.......................................passed
When the user enters the username ""......................................passed
And the user enters the password "Test@123"...............................passed
And the user clicks on the login button...................................passed
Then the login attempt should fail........................................passed
And the user should see a username required error.........................passed]]></system-out>
  </testcase>
  <testcase classname="User Authentication" name="Unsuccessful login with missing password" time="4.309534576">
    <system-out><![CDATA[Given the user is on the login page.......................................passed
When the user enters the username "student"...............................passed
And the user enters the password "".......................................passed
And the user clicks on the login button...................................passed
Then the login attempt should fail........................................passed
And the user should see a password required error.........................passed]]></system-out>
  </testcase>
  <testcase classname="User Authentication" name="Unsuccessful login with missing username and password" time="4.20906881">
    <system-out><![CDATA[Given the user is on the login page.......................................passed
When the user enters the username ""......................................passed
And the user enters the password "".......................................passed
And the user clicks on the login button...................................passed
Then the login attempt should fail........................................passed
And the user should see a username and password required error............passed]]></system-out>
  </testcase>
</testsuite>